
> react-kavia@0.1.0 start
> react-scripts start

(node:614) [DEP_WEBPACK_DEV_SERVER_ON_AFTER_SETUP_MIDDLEWARE] DeprecationWarning: 'onAfterSetupMiddleware' option is deprecated. Please use the 'setupMiddlewares' option.
(Use `node --trace-deprecation ...` to show where the warning was created)
(node:614) [DEP_WEBPACK_DEV_SERVER_ON_BEFORE_SETUP_MIDDLEWARE] DeprecationWarning: 'onBeforeSetupMiddleware' option is deprecated. Please use the 'setupMiddlewares' option.
Starting the development server...

Compiled successfully!

You can now view react-kavia in the browser.

  Local:            http://localhost:3000
  On Your Network:  http://172.17.0.2:3000

Note that the development build is not optimized.
To create a production build, use npm run build.

webpack compiled successfully
Compiling...
Failed to compile.

Module not found: Error: Can't resolve '@supabase/supabase-js' in '/home/kavia/workspace/code-generation/healthsync-ai-107640-4d32b7fd/healthsync_ai_platform/src'
WARNING in [eslint] 
src/features/PatientIntakeForm.js
  Line 2:10:  'useSupabase' is defined but never used  no-unused-vars

ERROR in ./src/supabaseClient.js 3:0-53
Module not found: Error: Can't resolve '@supabase/supabase-js' in '/home/kavia/workspace/code-generation/healthsync-ai-107640-4d32b7fd/healthsync_ai_platform/src'

webpack compiled with 1 error and 1 warning
Compiling...
Failed to compile.

Module not found: Error: Can't resolve '@supabase/supabase-js' in '/home/kavia/workspace/code-generation/healthsync-ai-107640-4d32b7fd/healthsync_ai_platform/src'
WARNING in [eslint] 
src/features/PatientIntakeForm.js
  Line 2:10:  'useSupabase' is defined but never used  no-unused-vars

ERROR in ./src/supabaseClient.js 3:0-53
Module not found: Error: Can't resolve '@supabase/supabase-js' in '/home/kavia/workspace/code-generation/healthsync-ai-107640-4d32b7fd/healthsync_ai_platform/src'

webpack compiled with 1 error and 1 warning
Compiling...
Failed to compile.

Module not found: Error: Can't resolve '@supabase/supabase-js' in '/home/kavia/workspace/code-generation/healthsync-ai-107640-4d32b7fd/healthsync_ai_platform/src'
LOG from webpack.FileSystemInfo
<w> Managed item /home/kavia/workspace/code-generation/healthsync-ai-107640-4d32b7fd/healthsync_ai_platform/node_modules/@supabase/supabase-js isn't a directory or doesn't contain a package.json (see snapshot.managedPaths option)
+ 13 hidden lines

WARNING in [eslint] 
src/features/PatientIntakeForm.js
  Line 2:10:  'useSupabase' is defined but never used  no-unused-vars

ERROR in ./src/supabaseClient.js 3:0-53
Module not found: Error: Can't resolve '@supabase/supabase-js' in '/home/kavia/workspace/code-generation/healthsync-ai-107640-4d32b7fd/healthsync_ai_platform/src'

webpack compiled with 1 error and 1 warning
Compiling...
Compiled with warnings.

Failed to parse source map from '/home/kavia/workspace/code-generation/healthsync-ai-107640-4d32b7fd/healthsync_ai_platform/node_modules/@supabase/auth-js/src/index.ts' file: Error: ENOENT: no such file or directory, open '/home/kavia/workspace/code-generation/healthsync-ai-107640-4d32b7fd/healthsync_ai_platform/node_modules/@supabase/auth-js/src/index.ts'

Failed to parse source map from '/home/kavia/workspace/code-generation/healthsync-ai-107640-4d32b7fd/healthsync_ai_platform/node_modules/@supabase/supabase-js/src/SupabaseClient.ts' file: Error: ENOENT: no such file or directory, open '/home/kavia/workspace/code-generation/healthsync-ai-107640-4d32b7fd/healthsync_ai_platform/node_modules/@supabase/supabase-js/src/SupabaseClient.ts'

Failed to parse source map from '/home/kavia/workspace/code-generation/healthsync-ai-107640-4d32b7fd/healthsync_ai_platform/node_modules/@supabase/supabase-js/src/index.ts' file: Error: ENOENT: no such file or directory, open '/home/kavia/workspace/code-generation/healthsync-ai-107640-4d32b7fd/healthsync_ai_platform/node_modules/@supabase/supabase-js/src/index.ts'

[eslint] 
src/features/PatientIntakeForm.js
  Line 2:10:  'useSupabase' is defined but never used  no-unused-vars

Search for the keywords to learn more about each warning.
To ignore, add // eslint-disable-next-line to the line before.

WARNING in ./node_modules/@supabase/auth-js/dist/module/index.js
Module Warning (from ./node_modules/source-map-loader/dist/cjs.js):
Failed to parse source map from '/home/kavia/workspace/code-generation/healthsync-ai-107640-4d32b7fd/healthsync_ai_platform/node_modules/@supabase/auth-js/src/index.ts' file: Error: ENOENT: no such file or directory, open '/home/kavia/workspace/code-generation/healthsync-ai-107640-4d32b7fd/healthsync_ai_platform/node_modules/@supabase/auth-js/src/index.ts'

WARNING in ./node_modules/@supabase/supabase-js/dist/module/SupabaseClient.js
Module Warning (from ./node_modules/source-map-loader/dist/cjs.js):
Failed to parse source map from '/home/kavia/workspace/code-generation/healthsync-ai-107640-4d32b7fd/healthsync_ai_platform/node_modules/@supabase/supabase-js/src/SupabaseClient.ts' file: Error: ENOENT: no such file or directory, open '/home/kavia/workspace/code-generation/healthsync-ai-107640-4d32b7fd/healthsync_ai_platform/node_modules/@supabase/supabase-js/src/SupabaseClient.ts'

WARNING in ./node_modules/@supabase/supabase-js/dist/module/index.js
Module Warning (from ./node_modules/source-map-loader/dist/cjs.js):
Failed to parse source map from '/home/kavia/workspace/code-generation/healthsync-ai-107640-4d32b7fd/healthsync_ai_platform/node_modules/@supabase/supabase-js/src/index.ts' file: Error: ENOENT: no such file or directory, open '/home/kavia/workspace/code-generation/healthsync-ai-107640-4d32b7fd/healthsync_ai_platform/node_modules/@supabase/supabase-js/src/index.ts'

WARNING in [eslint] 
src/features/PatientIntakeForm.js
  Line 2:10:  'useSupabase' is defined but never used  no-unused-vars

webpack compiled with 4 warnings
Compiling...
Compiled with warnings.

Failed to parse source map from '/home/kavia/workspace/code-generation/healthsync-ai-107640-4d32b7fd/healthsync_ai_platform/node_modules/@supabase/auth-js/src/index.ts' file: Error: ENOENT: no such file or directory, open '/home/kavia/workspace/code-generation/healthsync-ai-107640-4d32b7fd/healthsync_ai_platform/node_modules/@supabase/auth-js/src/index.ts'

Failed to parse source map from '/home/kavia/workspace/code-generation/healthsync-ai-107640-4d32b7fd/healthsync_ai_platform/node_modules/@supabase/supabase-js/src/SupabaseClient.ts' file: Error: ENOENT: no such file or directory, open '/home/kavia/workspace/code-generation/healthsync-ai-107640-4d32b7fd/healthsync_ai_platform/node_modules/@supabase/supabase-js/src/SupabaseClient.ts'

Failed to parse source map from '/home/kavia/workspace/code-generation/healthsync-ai-107640-4d32b7fd/healthsync_ai_platform/node_modules/@supabase/supabase-js/src/index.ts' file: Error: ENOENT: no such file or directory, open '/home/kavia/workspace/code-generation/healthsync-ai-107640-4d32b7fd/healthsync_ai_platform/node_modules/@supabase/supabase-js/src/index.ts'

[eslint] 
src/features/PatientIntakeForm.js
  Line 2:10:  'useSupabase' is defined but never used  no-unused-vars

Search for the keywords to learn more about each warning.
To ignore, add // eslint-disable-next-line to the line before.

WARNING in ./node_modules/@supabase/auth-js/dist/module/index.js
Module Warning (from ./node_modules/source-map-loader/dist/cjs.js):
Failed to parse source map from '/home/kavia/workspace/code-generation/healthsync-ai-107640-4d32b7fd/healthsync_ai_platform/node_modules/@supabase/auth-js/src/index.ts' file: Error: ENOENT: no such file or directory, open '/home/kavia/workspace/code-generation/healthsync-ai-107640-4d32b7fd/healthsync_ai_platform/node_modules/@supabase/auth-js/src/index.ts'

WARNING in ./node_modules/@supabase/supabase-js/dist/module/SupabaseClient.js
Module Warning (from ./node_modules/source-map-loader/dist/cjs.js):
Failed to parse source map from '/home/kavia/workspace/code-generation/healthsync-ai-107640-4d32b7fd/healthsync_ai_platform/node_modules/@supabase/supabase-js/src/SupabaseClient.ts' file: Error: ENOENT: no such file or directory, open '/home/kavia/workspace/code-generation/healthsync-ai-107640-4d32b7fd/healthsync_ai_platform/node_modules/@supabase/supabase-js/src/SupabaseClient.ts'

WARNING in ./node_modules/@supabase/supabase-js/dist/module/index.js
Module Warning (from ./node_modules/source-map-loader/dist/cjs.js):
Failed to parse source map from '/home/kavia/workspace/code-generation/healthsync-ai-107640-4d32b7fd/healthsync_ai_platform/node_modules/@supabase/supabase-js/src/index.ts' file: Error: ENOENT: no such file or directory, open '/home/kavia/workspace/code-generation/healthsync-ai-107640-4d32b7fd/healthsync_ai_platform/node_modules/@supabase/supabase-js/src/index.ts'

WARNING in [eslint] 
src/features/PatientIntakeForm.js
  Line 2:10:  'useSupabase' is defined but never used  no-unused-vars

webpack compiled with 4 warnings
Compiling...
Compiled with warnings.

Failed to parse source map from '/home/kavia/workspace/code-generation/healthsync-ai-107640-4d32b7fd/healthsync_ai_platform/node_modules/@supabase/auth-js/src/index.ts' file: Error: ENOENT: no such file or directory, open '/home/kavia/workspace/code-generation/healthsync-ai-107640-4d32b7fd/healthsync_ai_platform/node_modules/@supabase/auth-js/src/index.ts'

Failed to parse source map from '/home/kavia/workspace/code-generation/healthsync-ai-107640-4d32b7fd/healthsync_ai_platform/node_modules/@supabase/supabase-js/src/SupabaseClient.ts' file: Error: ENOENT: no such file or directory, open '/home/kavia/workspace/code-generation/healthsync-ai-107640-4d32b7fd/healthsync_ai_platform/node_modules/@supabase/supabase-js/src/SupabaseClient.ts'

Failed to parse source map from '/home/kavia/workspace/code-generation/healthsync-ai-107640-4d32b7fd/healthsync_ai_platform/node_modules/@supabase/supabase-js/src/index.ts' file: Error: ENOENT: no such file or directory, open '/home/kavia/workspace/code-generation/healthsync-ai-107640-4d32b7fd/healthsync_ai_platform/node_modules/@supabase/supabase-js/src/index.ts'

[eslint] 
src/features/PatientIntakeForm.js
  Line 2:10:  'useSupabase' is defined but never used  no-unused-vars

Search for the keywords to learn more about each warning.
To ignore, add // eslint-disable-next-line to the line before.

WARNING in ./node_modules/@supabase/auth-js/dist/module/index.js
Module Warning (from ./node_modules/source-map-loader/dist/cjs.js):
Failed to parse source map from '/home/kavia/workspace/code-generation/healthsync-ai-107640-4d32b7fd/healthsync_ai_platform/node_modules/@supabase/auth-js/src/index.ts' file: Error: ENOENT: no such file or directory, open '/home/kavia/workspace/code-generation/healthsync-ai-107640-4d32b7fd/healthsync_ai_platform/node_modules/@supabase/auth-js/src/index.ts'

WARNING in ./node_modules/@supabase/supabase-js/dist/module/SupabaseClient.js
Module Warning (from ./node_modules/source-map-loader/dist/cjs.js):
Failed to parse source map from '/home/kavia/workspace/code-generation/healthsync-ai-107640-4d32b7fd/healthsync_ai_platform/node_modules/@supabase/supabase-js/src/SupabaseClient.ts' file: Error: ENOENT: no such file or directory, open '/home/kavia/workspace/code-generation/healthsync-ai-107640-4d32b7fd/healthsync_ai_platform/node_modules/@supabase/supabase-js/src/SupabaseClient.ts'

WARNING in ./node_modules/@supabase/supabase-js/dist/module/index.js
Module Warning (from ./node_modules/source-map-loader/dist/cjs.js):
Failed to parse source map from '/home/kavia/workspace/code-generation/healthsync-ai-107640-4d32b7fd/healthsync_ai_platform/node_modules/@supabase/supabase-js/src/index.ts' file: Error: ENOENT: no such file or directory, open '/home/kavia/workspace/code-generation/healthsync-ai-107640-4d32b7fd/healthsync_ai_platform/node_modules/@supabase/supabase-js/src/index.ts'

WARNING in [eslint] 
src/features/PatientIntakeForm.js
  Line 2:10:  'useSupabase' is defined but never used  no-unused-vars

webpack compiled with 4 warnings
Compiling...
Compiled with warnings.

Failed to parse source map from '/home/kavia/workspace/code-generation/healthsync-ai-107640-4d32b7fd/healthsync_ai_platform/node_modules/@supabase/auth-js/src/index.ts' file: Error: ENOENT: no such file or directory, open '/home/kavia/workspace/code-generation/healthsync-ai-107640-4d32b7fd/healthsync_ai_platform/node_modules/@supabase/auth-js/src/index.ts'

Failed to parse source map from '/home/kavia/workspace/code-generation/healthsync-ai-107640-4d32b7fd/healthsync_ai_platform/node_modules/@supabase/supabase-js/src/SupabaseClient.ts' file: Error: ENOENT: no such file or directory, open '/home/kavia/workspace/code-generation/healthsync-ai-107640-4d32b7fd/healthsync_ai_platform/node_modules/@supabase/supabase-js/src/SupabaseClient.ts'

Failed to parse source map from '/home/kavia/workspace/code-generation/healthsync-ai-107640-4d32b7fd/healthsync_ai_platform/node_modules/@supabase/supabase-js/src/index.ts' file: Error: ENOENT: no such file or directory, open '/home/kavia/workspace/code-generation/healthsync-ai-107640-4d32b7fd/healthsync_ai_platform/node_modules/@supabase/supabase-js/src/index.ts'

[eslint] 
src/features/PatientIntakeForm.js
  Line 2:10:  'useSupabase' is defined but never used  no-unused-vars

Search for the keywords to learn more about each warning.
To ignore, add // eslint-disable-next-line to the line before.

WARNING in ./node_modules/@supabase/auth-js/dist/module/index.js
Module Warning (from ./node_modules/source-map-loader/dist/cjs.js):
Failed to parse source map from '/home/kavia/workspace/code-generation/healthsync-ai-107640-4d32b7fd/healthsync_ai_platform/node_modules/@supabase/auth-js/src/index.ts' file: Error: ENOENT: no such file or directory, open '/home/kavia/workspace/code-generation/healthsync-ai-107640-4d32b7fd/healthsync_ai_platform/node_modules/@supabase/auth-js/src/index.ts'

WARNING in ./node_modules/@supabase/supabase-js/dist/module/SupabaseClient.js
Module Warning (from ./node_modules/source-map-loader/dist/cjs.js):
Failed to parse source map from '/home/kavia/workspace/code-generation/healthsync-ai-107640-4d32b7fd/healthsync_ai_platform/node_modules/@supabase/supabase-js/src/SupabaseClient.ts' file: Error: ENOENT: no such file or directory, open '/home/kavia/workspace/code-generation/healthsync-ai-107640-4d32b7fd/healthsync_ai_platform/node_modules/@supabase/supabase-js/src/SupabaseClient.ts'

WARNING in ./node_modules/@supabase/supabase-js/dist/module/index.js
Module Warning (from ./node_modules/source-map-loader/dist/cjs.js):
Failed to parse source map from '/home/kavia/workspace/code-generation/healthsync-ai-107640-4d32b7fd/healthsync_ai_platform/node_modules/@supabase/supabase-js/src/index.ts' file: Error: ENOENT: no such file or directory, open '/home/kavia/workspace/code-generation/healthsync-ai-107640-4d32b7fd/healthsync_ai_platform/node_modules/@supabase/supabase-js/src/index.ts'

WARNING in [eslint] 
src/features/PatientIntakeForm.js
  Line 2:10:  'useSupabase' is defined but never used  no-unused-vars

webpack compiled with 4 warnings
